// Jest Snapshot v1, https://goo.gl/fbAQLP

exports[`HomeNews renders correctly 1`] = `
<section class="home-news bg-light">
  <header class="container pt-5 pb-4">
    <h2 class="text-primary">general.news</h2>
  </header>
  <div class="container px-sm-5">
    <div class="row equal">
      <div class="col-lg-4 pr-3 pb-5">
        <article class="preview-card card h-100 rounded border-0">
          <b-img-lazy src="https://picsum.photos/270/180?image=1024" alt="Featured image" class="card-img-top rounded-top"></b-img-lazy>
          <div class="card-body">
            <header>
              <h6 class="card-subtitle mb-2 text-muted">1527628516335</h6>
              <h5 class="card-title">Tytuł aktualności 1</h5>
            </header>
            <div class="card-text text-justify">
              <p>A party you cannot refuse...</p>
              <p>Osoby zainteresowane proszone są o imienny zapis w pokoju KSI.</p>
            </div>
            <nuxt-link to="{&quot;name&quot;:&quot;news-article&quot;,&quot;params&quot;:{&quot;article&quot;:&quot;tytul-aktualnosci-1&quot;}}" class="card-link pretty-link">general.readMore</nuxt-link>
          </div>
        </article>
      </div>
      <div class="col-lg-4 pr-3 pb-5">
        <article class="preview-card card h-100 rounded border-0">
          <b-img-lazy src="https://picsum.photos/270/180?image=1020" alt="Featured image" class="card-img-top rounded-top"></b-img-lazy>
          <div class="card-body">
            <header>
              <h6 class="card-subtitle mb-2 text-muted">1527628516335</h6>
              <h5 class="card-title">Tytuł aktualności 2</h5>
            </header>
            <div class="card-text text-justify">
              <p>A party you cannot refuse...</p>
              <p>Osoby zainteresowane proszone są o imienny zapis w pokoju KSI.</p>
            </div>
            <nuxt-link to="{&quot;name&quot;:&quot;news-article&quot;,&quot;params&quot;:{&quot;article&quot;:&quot;tytul-aktualnosci-2&quot;}}" class="card-link pretty-link">general.readMore</nuxt-link>
          </div>
        </article>
      </div>
      <div class="col-lg-4 pr-3 pb-5">
        <article class="preview-card card h-100 rounded border-0">
          <b-img-lazy src="https://picsum.photos/270/180?image=1010" alt="Featured image" class="card-img-top rounded-top"></b-img-lazy>
          <div class="card-body">
            <header>
              <h6 class="card-subtitle mb-2 text-muted">1527628516335</h6>
              <h5 class="card-title">Tytuł aktualności 3</h5>
            </header>
            <div class="card-text text-justify">
              <p>A party you cannot refuse...</p>
              <p>Osoby zainteresowane proszone są o imienny zapis w pokoju KSI.</p>
            </div>
            <nuxt-link to="{&quot;name&quot;:&quot;news-article&quot;,&quot;params&quot;:{&quot;article&quot;:&quot;tytul-aktualnosci-3&quot;}}" class="card-link pretty-link">general.readMore</nuxt-link>
          </div>
        </article>
      </div>
    </div>
  </div>
</section>
`;
