// Jest Snapshot v1, https://goo.gl/fbAQLP

exports[`HomeCarousel renders correctly 1`] = `
<div class="home-carousel pb-5 text-white bg-secondary">
  <div class="container">
    <div class="row">
      <div class="align-self-center p-5 col-md-6">
        <h1 class="mb-4">homecarousel.title</h1>
        <p class="mb-5">homecarousel.description</p>
        <nuxt-link to="&quot;album&quot;" class="btn btn-lg btn-outline-light">homecarousel.gotoAlbum</nuxt-link>
      </div>
      <div class="col-md-6 p-0">
        <b-carousel id="carousel1" controls="" indicators="" background="#ababab" interval="4000" img-width="500" img-height="500" style="text-shadow: 1px 1px 2px #333;">
          <b-carousel-slide caption="First slide" text="Nulla vitae elit libero, a pharetra augue mollis interdum." img-src="http://via.placeholder.com/500x500" img-alt="Featured image"></b-carousel-slide>
          <b-carousel-slide caption="Second slide" text="Nulla vitae elit libero, a pharetra augue mollis interdum." img-src="http://via.placeholder.com/500x500" img-alt="Featured image"></b-carousel-slide>
          <b-carousel-slide caption="Third slide" text="Nulla vitae elit libero, a pharetra augue mollis interdum." img-src="http://via.placeholder.com/500x500" img-alt="Featured image"></b-carousel-slide>
        </b-carousel>
      </div>
    </div>
  </div>
</div>
`;
