// Jest Snapshot v1, https://goo.gl/fbAQLP

exports[`Showcase renders correctly 1`] = `
<section class="showcase bg-white">
  <div class="container">
    <div class="row pt-4">
      <div class="col-md-5 align-self-center order-md-2">
        <img src="https://picsum.photos/270/180?image=985" alt="Featured image" class="img-fluid d-block mb-4 w-100 img-thumbnail">
      </div>
      <div class="col-md-7">
        <h2 class="text-primary pt-3">O nas. Historia KSI</h2>
        <p class="description">Lorem ipsum dolor sit amet, consectetur adipiscing elit, sed do eiusmod tempor incididunt ut labore et dolore magna aliqua. Ut enim ad minim veniam, quis nostrud exercitation ullamco laboris nisi ut aliquip ex ea commodo consequat. Duis aute irure
          dolor in reprehenderit in voluptate velit esse cillum dolore eu fugiat nulla pariatur. Excepteur sint occaecat cupidatat non proident, sunt in culpa qui officia deserunt mollit anim id est laborum.</p>
      </div>
    </div>
    <div class="row pt-4">
      <div class="col-md-5 align-self-center">
        <img src="https://picsum.photos/270/180?image=986" alt="Featured image" class="img-fluid d-block mb-4 w-100 img-thumbnail">
      </div>
      <div class="col-md-7">
        <h2 class="text-primary pt-3">Projekty</h2>
        <p class="description">Lorem ipsum dolor sit amet, consectetur adipiscing elit, sed do eiusmod tempor incididunt ut labore et dolore magna aliqua. Ut enim ad minim veniam, quis nostrud exercitation ullamco laboris nisi ut aliquip ex ea commodo consequat. Duis aute irure
          dolor in reprehenderit in voluptate velit esse cillum dolore eu fugiat nulla pariatur. Excepteur sint occaecat cupidatat non proident, sunt in culpa qui officia deserunt mollit anim id est laborum.</p>
      </div>
    </div>
    <div class="row pt-4">
      <div class="col-md-5 align-self-center order-md-2">
        <img src="https://picsum.photos/270/180?image=987" alt="Featured image" class="img-fluid d-block mb-4 w-100 img-thumbnail">
      </div>
      <div class="col-md-7">
        <h2 class="text-primary pt-3">Cz≈Çonkowie</h2>
        <p class="description">Lorem ipsum dolor sit amet, consectetur adipiscing elit, sed do eiusmod tempor incididunt ut labore et dolore magna aliqua. Ut enim ad minim veniam, quis nostrud exercitation ullamco laboris nisi ut aliquip ex ea commodo consequat. Duis aute irure
          dolor in reprehenderit in voluptate velit esse cillum dolore eu fugiat nulla pariatur. Excepteur sint occaecat cupidatat non proident, sunt in culpa qui officia deserunt mollit anim id est laborum.</p>
      </div>
    </div>
  </div>
</section>
`;
